<html>
<body>
<pre>
<h1>µVision Build Log</h1>
<h2>Project:</h2>
D:\210905191\Lab1\Lab1.uvproj
Project File Date:  <unknown>

<h2>Output:</h2>
Build target 'Target 1'
assembling Q3.s...
Q3\Q3.s(24): warning: A1581W: Added 2 bytes of padding at address 0x1a
linking...
Program Size: Code=76 RO-data=8 RW-data=4 ZI-data=0  
".\Lab1.axf" - 0 Error(s), 1 Warning(s).
 Error(s), 0 Warning(s).
Target not created
 enough information to list the image map.
Finished: 2 information, 0 warning and 2 error messages.
".\Lab1.axf" - 2 Error(s), 0 Warning(s).
Target not created
.
Target not created
Error: Could not load file 'D:\210905191\Lab1\Lab1.axf'. Debugger aborted !
