<html>
<body>
<pre>
<h1>µVision Build Log</h1>
<h2>Project:</h2>
D:\New folder\interfacing\project_interfacing.uvproj
Project File Date:  03/31/2023

<h2>Output:</h2>
Build target 'Target 1'
compiling q3.c...
W7\q3.c(42): warning:  #1-D: last line of file ends without a newline
      
W7\q3.c: 1 warning, 0 errors
linking...
Program Size: Code=1456 RO-data=236 RW-data=48 ZI-data=608  
FromELF: creating hex file...
".\project_interfacing.axf" - 0 Error(s), 1 Warning(s).
1 Warning(s).
Target not created
 2 warnings, 1 error
".\project_interfacing.axf" - 1 Error(s), 2 Warning(s).
Target not created
